'Navier.Analysis.QuantumVortexTopologyChange.foldWave_eq_zero_iff' depends on axioms: [propext,
 Classical.choice,
 Quot.sound]
'Navier.Analysis.QuantumVortexTopologyChange.no_zero_of_negative_time' depends on axioms: [propext,
 Classical.choice,
 Quot.sound]
'Navier.Analysis.QuantumVortexTopologyChange.zero_at_time_zero_iff' depends on axioms: [propext,
 Classical.choice,
 Quot.sound]
'Navier.Analysis.QuantumVortexTopologyChange.zero_of_positive_time_iff' depends on axioms: [propext,
 Classical.choice,
 Quot.sound]
'Navier.Analysis.QuantumVortexTopologyChange.foldWave_joint_contDiff' depends on axioms: [propext,
 Classical.choice,
 Quot.sound]
'Navier.Analysis.QuantumVortexTopologyChange.hasFDerivAt_realFold' depends on axioms: [propext,
 Classical.choice,
 Quot.sound]
'Navier.Analysis.QuantumVortexTopologyChange.det_realFoldJacobian' depends on axioms: [propext,
 Classical.choice,
 Quot.sound]
'Navier.Analysis.QuantumVortexTopologyChange.positive_time_roots_regular_opposite_orientation' depends on axioms: [propext,
 Classical.choice,
 Quot.sound]
